start sql_by_hour_one_sql.sql 14446638
start sql_by_hour_one_sql.sql 63906860
start sql_by_hour_one_sql.sql 224817855
start sql_by_hour_one_sql.sql 283364978
start sql_by_hour_one_sql.sql 386388955
start sql_by_hour_one_sql.sql 429474976
start sql_by_hour_one_sql.sql 558240086
start sql_by_hour_one_sql.sql 728186837
start sql_by_hour_one_sql.sql 797587031
start sql_by_hour_one_sql.sql 834984300
start sql_by_hour_one_sql.sql 879697675
start sql_by_hour_one_sql.sql 986338823
start sql_by_hour_one_sql.sql 1142130472
start sql_by_hour_one_sql.sql 1310782350
start sql_by_hour_one_sql.sql 1357415301
start sql_by_hour_one_sql.sql 1444675979
start sql_by_hour_one_sql.sql 1752231206
start sql_by_hour_one_sql.sql 2019267837
start sql_by_hour_one_sql.sql 2214488835
start sql_by_hour_one_sql.sql 2216027850
start sql_by_hour_one_sql.sql 2270995494
start sql_by_hour_one_sql.sql 2310564130
start sql_by_hour_one_sql.sql 2349155935
start sql_by_hour_one_sql.sql 2364203383
start sql_by_hour_one_sql.sql 2378513573
start sql_by_hour_one_sql.sql 2600547764
start sql_by_hour_one_sql.sql 2631433464
start sql_by_hour_one_sql.sql 2899374181
start sql_by_hour_one_sql.sql 2957587373
start sql_by_hour_one_sql.sql 2982897256
start sql_by_hour_one_sql.sql 3396566652
start sql_by_hour_one_sql.sql 3403423190
start sql_by_hour_one_sql.sql 3496856413
start sql_by_hour_one_sql.sql 3523945756
start sql_by_hour_one_sql.sql 3719040108
start sql_by_hour_one_sql.sql 3803918057
start sql_by_hour_one_sql.sql 3911269024
start sql_by_hour_one_sql.sql 4059705689
start sql_by_hour_one_sql.sql 4241082667
