
TABLESPACE           DATA_FILE                                          FILESYSTEM                  SIZE_MB                                                                                                                                                                                                 
-------------------- -------------------------------------------------- ------------------------- ---------                                                                                                                                                                                                 
** Script Output **  /swp/c1/prod/files/areafcp                         /dev/vg07/lvol5            61440000                                                                                                                                                                                                 
CUSTPRO_DATA         /ps02/oradata/PSOLP/custpro_data01.dbf             /dev/vg04/lvol2             1048.58                                                                                                                                                                                                 
CUSTPRO_DATA         /ps02/oradata/PSOLP/custpro_data02.dbf             /dev/vg04/lvol2             2097.15                                                                                                                                                                                                 
CUSTPRO_DATA         /ps02/oradata/PSOLP/custpro_data03.dbf             /dev/vg04/lvol2             1048.58                                                                                                                                                                                                 
CUSTPRO_DATA         /ps02/oradata/PSOLP/custpro_data04.dbf             /dev/vg04/lvol2             1048.58                                                                                                                                                                                                 
CUSTPRO_DATA         /ps02/oradata/PSOLP/custpro_data05.dbf             /dev/vg04/lvol2             2097.15                                                                                                                                                                                                 
CUSTPRO_DATA         /ps02/oradata/PSOLP/custpro_data06.dbf             /dev/vg04/lvol2             1572.86                                                                                                                                                                                                 
CUSTPRO_DATA         /ps07/oradata/PSOLP/custpro_data07.dbf             /dev/vg11/lvol1             2097.15                                                                                                                                                                                                 
CUSTPRO_DATA         /ps08/oradata/PSOLP/custpro_data08.dbf             /dev/vg11/lvol2             2097.15                                                                                                                                                                                                 
CUSTPRO_DATA         /ps10/oradata/PSOLP/custpro_data08.dbf             /dev/vgoraps_ps10/lvol1     2097.15                                                                                                                                                                                                 
CUSTPRO_DATA         /ps10/oradata/PSOLP/custpro_data09.dbf             /dev/vgoraps_ps10/lvol1     2097.15                                                                                                                                                                                                 
CUSTPRO_DATA         /ps10/oradata/PSOLP/custpro_data10.dbf             /dev/vgoraps_ps10/lvol1     2097.15                                                                                                                                                                                                 
CUSTPRO_DATA         /ps10/oradata/PSOLP/custpro_data11.dbf             /dev/vgoraps_ps10/lvol1     2097.15                                                                                                                                                                                                 
CUSTPRO_DATA         /ps11/oradata/PSOLP/custpro_data15.dbf             /dev/vgoraps_ps12/lvol1     1048.58                                                                                                                                                                                                 
CUSTPRO_DATA         /ps12/oradata/PSOLP/custpro_data12.dbf             /dev/vgoraps_ps12/lvol2     2097.15                                                                                                                                                                                                 
CUSTPRO_DATA         /ps12/oradata/PSOLP/custpro_data13.dbf             /dev/vgoraps_ps12/lvol2     2097.15                                                                                                                                                                                                 
CUSTPRO_DATA         /ps13/oradata/PSOLP/custpro_data14.dbf             /dev/vgoraps_ps12/lvol3     2097.15                                                                                                                                                                                                 
CUSTPRO_DATA         /ps13/oradata/PSOLP/custpro_data16.dbf             /dev/vgoraps_ps12/lvol3     2097.15                                                                                                                                                                                                 
CUSTPRO_DATA         /ps14/oradata/PSOLP/custpro_data17.dbf             /dev/vgoraps_ps12/lvol4     2097.15                                                                                                                                                                                                 
CUSTPRO_DATA         /ps14/oradata/PSOLP/custpro_data18.dbf             /dev/vgoraps_ps12/lvol4     2097.15                                                                                                                                                                                                 
CUSTPRO_DATA         /ps16/oradata/PSOLP/custpro_data18.dbf             /dev/vgoraps_ps12/lvol6     2097.15                                                                                                                                                                                                 
CUSTPRO_DATA         /ps16/oradata/PSOLP/custpro_data20.dbf             /dev/vgoraps_ps12/lvol6     2097.15                                                                                                                                                                                                 
CUSTPRO_DATA         /ps17/oradata/PSOLP/custpro_data21.dbf             /dev/vgoraps_ps12/lvol7     2097.15                                                                                                                                                                                                 
CUSTPRO_DATA         /ps20/oradata/PSOLP/custpro_data22.dbf             /dev/vgoraps_ps12/lvol10    2097.15                                                                                                                                                                                                 
CUSTPRO_DATA         /ps20/oradata/PSOLP/custpro_data23.dbf             /dev/vgoraps_ps12/lvol10    2097.15                                                                                                                                                                                                 
CUSTPRO_DATA         /ps23/oradata/PSOLP/custpro_data24.dbf             /dev/vgoraps_ps12/lvol13    2147.48                                                                                                                                                                                                 
CUSTPRO_DATA         /ps23/oradata/PSOLP/custpro_data25.dbf             /dev/vgoraps_ps12/lvol13    2097.15                                                                                                                                                                                                 
CUSTPRO_DATA         /ps23/oradata/PSOLP/custpro_data26.dbf             /dev/vgoraps_ps12/lvol13    1572.86                                                                                                                                                                                                 
CUSTPRO_DATA         /ps24/oradata/PSOLP/custpro_data27.dbf             /dev/vgoraps_ps12/lvol14    2097.15                                                                                                                                                                                                 
CUSTPRO_DATA         /ps24/oradata/PSOLP/custpro_data29.dbf             /dev/vgoraps_ps12/lvol14    2097.15                                                                                                                                                                                                 
CUSTPRO_INDX         /ps01/oradata/PSOLP/custpro_indx01.dbf             /dev/vg04/lvol1             1572.86                                                                                                                                                                                                 
CUSTPRO_INDX         /ps01/oradata/PSOLP/custpro_indx02.dbf             /dev/vg04/lvol1             1468.01                                                                                                                                                                                                 
CUSTPRO_INDX         /ps01/oradata/PSOLP/custpro_indx03.dbf             /dev/vg04/lvol1             2097.15                                                                                                                                                                                                 
CUSTPRO_INDX         /ps01/oradata/PSOLP/custpro_indx04.dbf             /dev/vg04/lvol1             2097.15                                                                                                                                                                                                 
CUSTPRO_INDX         /ps03/oradata/PSOLP/custpro_indx05.dbf             /dev/vg04/lvol3              629.15                                                                                                                                                                                                 
CUSTPRO_INDX         /ps08/oradata/PSOLP/custpro_indx06.dbf             /dev/vg11/lvol2             2097.15                                                                                                                                                                                                 
CUSTPRO_INDX         /ps10/oradata/PSOLP/custpro_indx07.dbf             /dev/vgoraps_ps10/lvol1     2097.15                                                                                                                                                                                                 
CUSTPRO_INDX         /ps10/oradata/PSOLP/custpro_indx08.dbf             /dev/vgoraps_ps10/lvol1     2097.15                                                                                                                                                                                                 
CUSTPRO_INDX         /ps10/oradata/PSOLP/custpro_indx09.dbf             /dev/vgoraps_ps10/lvol1     2097.15                                                                                                                                                                                                 
CUSTPRO_INDX         /ps10/oradata/PSOLP/custpro_indx11.dbf             /dev/vgoraps_ps10/lvol1     2097.15                                                                                                                                                                                                 
CUSTPRO_INDX         /ps10/oradata/PSOLP/custpro_indx12.dbf             /dev/vgoraps_ps10/lvol1     2097.15                                                                                                                                                                                                 
CUSTPRO_INDX         /ps11/oradata/PSOLP/custpro_indx10.dbf             /dev/vgoraps_ps12/lvol1     2097.15                                                                                                                                                                                                 
CUSTPRO_INDX         /ps11/oradata/PSOLP/custpro_indx13.dbf             /dev/vgoraps_ps12/lvol1     2097.15                                                                                                                                                                                                 
CUSTPRO_INDX         /ps11/oradata/PSOLP/custpro_indx14.dbf             /dev/vgoraps_ps12/lvol1     1048.58                                                                                                                                                                                                 
CUSTPRO_INDX         /ps11/oradata/PSOLP/custpro_indx15.dbf             /dev/vgoraps_ps12/lvol1     2097.15                                                                                                                                                                                                 
CUSTPRO_INDX         /ps12/oradata/PSOLP/custpro_indx16.dbf             /dev/vgoraps_ps12/lvol2     2097.15                                                                                                                                                                                                 
CUSTPRO_INDX         /ps12/oradata/PSOLP/custpro_indx17.dbf             /dev/vgoraps_ps12/lvol2     1363.15                                                                                                                                                                                                 
CUSTPRO_INDX         /ps13/oradata/PSOLP/custpro_indx18.dbf             /dev/vgoraps_ps12/lvol3     2097.15                                                                                                                                                                                                 
CUSTPRO_INDX         /ps13/oradata/PSOLP/custpro_indx19.dbf             /dev/vgoraps_ps12/lvol3     2097.15                                                                                                                                                                                                 
CUSTPRO_INDX         /ps14/oradata/PSOLP/custpro_indx20.dbf             /dev/vgoraps_ps12/lvol4     2097.15                                                                                                                                                                                                 
CUSTPRO_INDX         /ps14/oradata/PSOLP/custpro_indx21.dbf             /dev/vgoraps_ps12/lvol4     2097.15                                                                                                                                                                                                 
CUSTPRO_INDX         /ps14/oradata/PSOLP/custpro_indx22.dbf             /dev/vgoraps_ps12/lvol4     2097.15                                                                                                                                                                                                 
CUSTPRO_INDX         /ps18/oradata/PSOLP/custpro_indx23.dbf             /dev/vgoraps_ps12/lvol8     2097.15                                                                                                                                                                                                 
CUSTPRO_INDX         /ps20/oradata/PSOLP/custpro_indx24.dbf             /dev/vgoraps_ps12/lvol10    2097.15                                                                                                                                                                                                 
CUSTPRO_INDX         /ps20/oradata/PSOLP/custpro_indx25.dbf             /dev/vgoraps_ps12/lvol10    2097.15                                                                                                                                                                                                 
CUSTPRO_INDX         /ps23/oradata/PSOLP/custpro_indx26.dbf             /dev/vgoraps_ps12/lvol13    2097.15                                                                                                                                                                                                 
CUSTPRO_INDX         /ps23/oradata/PSOLP/custpro_indx27.dbf             /dev/vgoraps_ps12/lvol13    2097.15                                                                                                                                                                                                 
CUSTPRO_INDX         /ps23/oradata/PSOLP/custpro_indx28.dbf             /dev/vgoraps_ps12/lvol13    1572.86                                                                                                                                                                                                 
CUSTPRO_INDX         /ps24/oradata/PSOLP/custpro_indx29.dbf             /dev/vgoraps_ps12/lvol14    2097.15                                                                                                                                                                                                 
CUSTPRO_INDX         /ps24/oradata/PSOLP/custpro_indx30.dbf             /dev/vgoraps_ps12/lvol14    2097.15                                                                                                                                                                                                 
CUSTPRO_LG_DATA      /ps03/oradata/PSOLP/custpro_lg_data05.dbf          /dev/vg04/lvol3             2097.15                                                                                                                                                                                                 
CUSTPRO_LG_DATA      /ps04/oradata/PSOLP/custpro_lg_data01.dbf          /dev/vg04/lvol4             2097.15                                                                                                                                                                                                 
CUSTPRO_LG_DATA      /ps04/oradata/PSOLP/custpro_lg_data02.dbf          /dev/vg04/lvol4             2097.15                                                                                                                                                                                                 
CUSTPRO_LG_DATA      /ps04/oradata/PSOLP/custpro_lg_data03.dbf          /dev/vg04/lvol4             2097.15                                                                                                                                                                                                 
CUSTPRO_LG_DATA      /ps04/oradata/PSOLP/custpro_lg_data04.dbf          /dev/vg04/lvol4             2097.15                                                                                                                                                                                                 
CUSTPRO_LG_DATA      /ps07/oradata/PSOLP/custpro_lg_data06.dbf          /dev/vg11/lvol1             2097.15                                                                                                                                                                                                 
CUSTPRO_LG_DATA      /ps08/oradata/PSOLP/custpro_lg_data07.dbf          /dev/vg11/lvol2             2097.15                                                                                                                                                                                                 
CUSTPRO_LG_DATA      /ps08/oradata/PSOLP/custpro_lg_data08.dbf          /dev/vg11/lvol2             2097.15                                                                                                                                                                                                 
CUSTPRO_LG_DATA      /ps10/oradata/PSOLP/custpro_lg_data08.dbf          /dev/vgoraps_ps10/lvol1      4194.3                                                                                                                                                                                                 
CUSTPRO_LG_DATA      /ps10/oradata/PSOLP/custpro_lg_data09.dbf          /dev/vgoraps_ps10/lvol1     2097.15                                                                                                                                                                                                 
CUSTPRO_LG_DATA      /ps11/oradata/PSOLP/custpro_lg_data11.dbf          /dev/vgoraps_ps12/lvol1     2097.15                                                                                                                                                                                                 
CUSTPRO_LG_DATA      /ps11/oradata/PSOLP/custpro_lg_data12.dbf          /dev/vgoraps_ps12/lvol1     2097.15                                                                                                                                                                                                 
CUSTPRO_LG_DATA      /ps11/oradata/PSOLP/custpro_lg_data13.dbf          /dev/vgoraps_ps12/lvol1     2097.15                                                                                                                                                                                                 
CUSTPRO_LG_DATA      /ps11/oradata/PSOLP/custpro_lg_data14.dbf          /dev/vgoraps_ps12/lvol1     2097.15                                                                                                                                                                                                 
CUSTPRO_LG_DATA      /ps11/oradata/PSOLP/custpro_lg_data15.dbf          /dev/vgoraps_ps12/lvol1     2097.15                                                                                                                                                                                                 
CUSTPRO_LG_DATA      /ps11/oradata/PSOLP/custpro_lg_data16.dbf          /dev/vgoraps_ps12/lvol1     2147.48                                                                                                                                                                                                 
CUSTPRO_LG_DATA      /ps12/oradata/PSOLP/custpro_lg_data17.dbf          /dev/vgoraps_ps12/lvol2     2097.15                                                                                                                                                                                                 
CUSTPRO_LG_DATA      /ps12/oradata/PSOLP/custpro_lg_data18.dbf          /dev/vgoraps_ps12/lvol2     2097.15                                                                                                                                                                                                 
CUSTPRO_LG_DATA      /ps12/oradata/PSOLP/custpro_lg_data19.dbf          /dev/vgoraps_ps12/lvol2     2097.15                                                                                                                                                                                                 
CUSTPRO_LG_DATA      /ps12/oradata/PSOLP/custpro_lg_data20.dbf          /dev/vgoraps_ps12/lvol2     2097.15                                                                                                                                                                                                 
CUSTPRO_LG_DATA      /ps12/oradata/PSOLP/custpro_lg_data21.dbf          /dev/vgoraps_ps12/lvol2     2097.15                                                                                                                                                                                                 
CUSTPRO_LG_DATA      /ps12/oradata/PSOLP/custpro_lg_data22.dbf          /dev/vgoraps_ps12/lvol2     2097.15                                                                                                                                                                                                 
CUSTPRO_LG_DATA      /ps12/oradata/PSOLP/custpro_lg_data23.dbf          /dev/vgoraps_ps12/lvol2     2097.15                                                                                                                                                                                                 
CUSTPRO_LG_DATA      /ps12/oradata/PSOLP/custpro_lg_data24.dbf          /dev/vgoraps_ps12/lvol2     2097.15                                                                                                                                                                                                 
CUSTPRO_LG_DATA      /ps12/oradata/PSOLP/custpro_lg_data25.dbf          /dev/vgoraps_ps12/lvol2     2097.15                                                                                                                                                                                                 
CUSTPRO_LG_DATA      /ps12/oradata/PSOLP/custpro_lg_data26.dbf          /dev/vgoraps_ps12/lvol2     2147.48                                                                                                                                                                                                 
CUSTPRO_LG_DATA      /ps13/oradata/PSOLP/custpro_lg_data27.dbf          /dev/vgoraps_ps12/lvol3      2139.1                                                                                                                                                                                                 
CUSTPRO_LG_DATA      /ps13/oradata/PSOLP/custpro_lg_data28.dbf          /dev/vgoraps_ps12/lvol3     2097.15                                                                                                                                                                                                 
CUSTPRO_LG_DATA      /ps13/oradata/PSOLP/custpro_lg_data29.dbf          /dev/vgoraps_ps12/lvol3     2097.15                                                                                                                                                                                                 
CUSTPRO_LG_DATA      /ps13/oradata/PSOLP/custpro_lg_data30.dbf          /dev/vgoraps_ps12/lvol3     2097.15                                                                                                                                                                                                 
CUSTPRO_LG_DATA      /ps13/oradata/PSOLP/custpro_lg_data31.dbf          /dev/vgoraps_ps12/lvol3     2097.15                                                                                                                                                                                                 
CUSTPRO_LG_DATA      /ps13/oradata/PSOLP/custpro_lg_data32.dbf          /dev/vgoraps_ps12/lvol3     2097.15                                                                                                                                                                                                 
CUSTPRO_LG_DATA      /ps13/oradata/PSOLP/custpro_lg_data33.dbf          /dev/vgoraps_ps12/lvol3     2097.15                                                                                                                                                                                                 
CUSTPRO_LG_DATA      /ps13/oradata/PSOLP/custpro_lg_data34.dbf          /dev/vgoraps_ps12/lvol3     2097.15                                                                                                                                                                                                 
CUSTPRO_LG_DATA      /ps14/oradata/PSOLP/custpro_lg_data35.dbf          /dev/vgoraps_ps12/lvol4     2097.15                                                                                                                                                                                                 
CUSTPRO_LG_DATA      /ps14/oradata/PSOLP/custpro_lg_data36.dbf          /dev/vgoraps_ps12/lvol4     2097.15                                                                                                                                                                                                 
CUSTPRO_LG_DATA      /ps14/oradata/PSOLP/custpro_lg_data37.dbf          /dev/vgoraps_ps12/lvol4     2097.15                                                                                                                                                                                                 

TABLESPACE           DATA_FILE                                          FILESYSTEM                  SIZE_MB                                                                                                                                                                                                 
-------------------- -------------------------------------------------- ------------------------- ---------                                                                                                                                                                                                 
CUSTPRO_LG_DATA      /ps14/oradata/PSOLP/custpro_lg_data38.dbf          /dev/vgoraps_ps12/lvol4     2097.15                                                                                                                                                                                                 
CUSTPRO_LG_DATA      /ps14/oradata/PSOLP/custpro_lg_data39.dbf          /dev/vgoraps_ps12/lvol4     2097.15                                                                                                                                                                                                 
CUSTPRO_LG_DATA      /ps14/oradata/PSOLP/custpro_lg_data40.dbf          /dev/vgoraps_ps12/lvol4     2097.15                                                                                                                                                                                                 
CUSTPRO_LG_DATA      /ps14/oradata/PSOLP/custpro_lg_data41.dbf          /dev/vgoraps_ps12/lvol4     2097.15                                                                                                                                                                                                 
CUSTPRO_LG_DATA      /ps15/oradata/PSOLP/custpro_lg_data42.dbf          /dev/vgoraps_ps12/lvol5     2097.15                                                                                                                                                                                                 
CUSTPRO_LG_DATA      /ps15/oradata/PSOLP/custpro_lg_data43.dbf          /dev/vgoraps_ps12/lvol5     2097.15                                                                                                                                                                                                 
CUSTPRO_LG_DATA      /ps15/oradata/PSOLP/custpro_lg_data44.dbf          /dev/vgoraps_ps12/lvol5     2097.15                                                                                                                                                                                                 
CUSTPRO_LG_DATA      /ps15/oradata/PSOLP/custpro_lg_data45.dbf          /dev/vgoraps_ps12/lvol5     2097.15                                                                                                                                                                                                 
CUSTPRO_LG_DATA      /ps15/oradata/PSOLP/custpro_lg_data46.dbf          /dev/vgoraps_ps12/lvol5     2097.15                                                                                                                                                                                                 
CUSTPRO_LG_DATA      /ps15/oradata/PSOLP/custpro_lg_data47.dbf          /dev/vgoraps_ps12/lvol5     2097.15                                                                                                                                                                                                 
CUSTPRO_LG_DATA      /ps15/oradata/PSOLP/custpro_lg_data48.dbf          /dev/vgoraps_ps12/lvol5     2097.15                                                                                                                                                                                                 
CUSTPRO_LG_DATA      /ps15/oradata/PSOLP/custpro_lg_data49.dbf          /dev/vgoraps_ps12/lvol5     2097.15                                                                                                                                                                                                 
CUSTPRO_LG_DATA      /ps15/oradata/PSOLP/custpro_lg_data50.dbf          /dev/vgoraps_ps12/lvol5     2097.15                                                                                                                                                                                                 
CUSTPRO_LG_DATA      /ps16/oradata/PSOLP/custpro_lg_data51.dbf          /dev/vgoraps_ps12/lvol6     2097.15                                                                                                                                                                                                 
CUSTPRO_LG_DATA      /ps16/oradata/PSOLP/custpro_lg_data52.dbf          /dev/vgoraps_ps12/lvol6     2097.15                                                                                                                                                                                                 
CUSTPRO_LG_DATA      /ps16/oradata/PSOLP/custpro_lg_data53.dbf          /dev/vgoraps_ps12/lvol6      4194.3                                                                                                                                                                                                 
CUSTPRO_LG_DATA      /ps16/oradata/PSOLP/custpro_lg_data54.dbf          /dev/vgoraps_ps12/lvol6      4194.3                                                                                                                                                                                                 
CUSTPRO_LG_DATA      /ps16/oradata/PSOLP/custpro_lg_data55.dbf          /dev/vgoraps_ps12/lvol6      4194.3                                                                                                                                                                                                 
CUSTPRO_LG_DATA      /ps16/oradata/PSOLP/custpro_lg_data56.dbf          /dev/vgoraps_ps12/lvol6      4194.3                                                                                                                                                                                                 
CUSTPRO_LG_DATA      /ps16/oradata/PSOLP/custpro_lg_data57.dbf          /dev/vgoraps_ps12/lvol6     2097.15                                                                                                                                                                                                 
CUSTPRO_LG_DATA      /ps17/oradata/PSOLP/custpro_lg_data58.dbf          /dev/vgoraps_ps12/lvol7     2097.15                                                                                                                                                                                                 
CUSTPRO_LG_DATA      /ps17/oradata/PSOLP/custpro_lg_data59.dbf          /dev/vgoraps_ps12/lvol7     2097.15                                                                                                                                                                                                 
CUSTPRO_LG_DATA      /ps17/oradata/PSOLP/custpro_lg_data60.dbf          /dev/vgoraps_ps12/lvol7     2097.15                                                                                                                                                                                                 
CUSTPRO_LG_DATA      /ps17/oradata/PSOLP/custpro_lg_data61.dbf          /dev/vgoraps_ps12/lvol7      4194.3                                                                                                                                                                                                 
CUSTPRO_LG_DATA      /ps17/oradata/PSOLP/custpro_lg_data62.dbf          /dev/vgoraps_ps12/lvol7     2097.15                                                                                                                                                                                                 
CUSTPRO_LG_DATA      /ps17/oradata/PSOLP/custpro_lg_data63.dbf          /dev/vgoraps_ps12/lvol7      4194.3                                                                                                                                                                                                 
CUSTPRO_LG_DATA      /ps18/oradata/PSOLP/custpro_lg_data64.dbf          /dev/vgoraps_ps12/lvol8     2097.15                                                                                                                                                                                                 
CUSTPRO_LG_DATA      /ps18/oradata/PSOLP/custpro_lg_data65.dbf          /dev/vgoraps_ps12/lvol8     2097.15                                                                                                                                                                                                 
CUSTPRO_LG_DATA      /ps18/oradata/PSOLP/custpro_lg_data66.dbf          /dev/vgoraps_ps12/lvol8      4194.3                                                                                                                                                                                                 
CUSTPRO_LG_DATA      /ps18/oradata/PSOLP/custpro_lg_data67.dbf          /dev/vgoraps_ps12/lvol8      4194.3                                                                                                                                                                                                 
CUSTPRO_LG_DATA      /ps19/oradata/PSOLP/custpro_lg_data68.dbf          /dev/vgoraps_ps12/lvol9     2097.15                                                                                                                                                                                                 
CUSTPRO_LG_DATA      /ps20/oradata/PSOLP/custpro_lg_data69.dbf          /dev/vgoraps_ps12/lvol10    2097.15                                                                                                                                                                                                 
CUSTPRO_LG_DATA      /ps20/oradata/PSOLP/custpro_lg_data70.dbf          /dev/vgoraps_ps12/lvol10    2097.15                                                                                                                                                                                                 
CUSTPRO_LG_DATA      /ps20/oradata/PSOLP/custpro_lg_data71.dbf          /dev/vgoraps_ps12/lvol10     4194.3                                                                                                                                                                                                 
CUSTPRO_LG_DATA      /ps20/oradata/PSOLP/custpro_lg_data72.dbf          /dev/vgoraps_ps12/lvol10    2097.15                                                                                                                                                                                                 
CUSTPRO_LG_DATA      /ps20/oradata/PSOLP/custpro_lg_data73.dbf          /dev/vgoraps_ps12/lvol10     4194.3                                                                                                                                                                                                 
CUSTPRO_LG_DATA      /ps20/oradata/PSOLP/custpro_lg_data74.dbf          /dev/vgoraps_ps12/lvol10    3145.73                                                                                                                                                                                                 
CUSTPRO_LG_DATA      /ps23/oradata/PSOLP/custpro_lg_data75.dbf          /dev/vgoraps_ps12/lvol13     4194.3                                                                                                                                                                                                 
CUSTPRO_LG_DATA      /ps23/oradata/PSOLP/custpro_lg_data76.dbf          /dev/vgoraps_ps12/lvol13     4194.3                                                                                                                                                                                                 
CUSTPRO_LG_DATA      /ps23/oradata/PSOLP/custpro_lg_data77.dbf          /dev/vgoraps_ps12/lvol13     4194.3                                                                                                                                                                                                 
CUSTPRO_LG_DATA      /ps23/oradata/PSOLP/custpro_lg_data78.dbf          /dev/vgoraps_ps12/lvol13     4194.3                                                                                                                                                                                                 
CUSTPRO_LG_DATA      /ps23/oradata/PSOLP/custpro_lg_data79.dbf          /dev/vgoraps_ps12/lvol13     4194.3                                                                                                                                                                                                 
CUSTPRO_LG_DATA      /ps23/oradata/PSOLP/custpro_lg_data80.dbf          /dev/vgoraps_ps12/lvol13     4194.3                                                                                                                                                                                                 
CUSTPRO_LG_DATA      /ps23/oradata/PSOLP/custpro_lg_data81.dbf          /dev/vgoraps_ps12/lvol13    2097.15                                                                                                                                                                                                 
CUSTPRO_LG_DATA      /ps24/oradata/PSOLP/custpro_lg_data82.dbf          /dev/vgoraps_ps12/lvol14    2097.15                                                                                                                                                                                                 
CUSTPRO_LG_DATA      /ps24/oradata/PSOLP/custpro_lg_data83.dbf          /dev/vgoraps_ps12/lvol14    2097.15                                                                                                                                                                                                 
CUSTPRO_LG_DATA      /ps24/oradata/PSOLP/custpro_lg_data84.dbf          /dev/vgoraps_ps12/lvol14    2097.15                                                                                                                                                                                                 
CUSTPRO_LG_DATA      /ps24/oradata/PSOLP/custpro_lg_data85.dbf          /dev/vgoraps_ps12/lvol14    2097.15                                                                                                                                                                                                 
CUSTPRO_LG_DATA      /ps24/oradata/PSOLP/custpro_lg_data86.dbf          /dev/vgoraps_ps12/lvol14    2097.15                                                                                                                                                                                                 
CUSTPRO_LG_DATA      /ps24/oradata/PSOLP/custpro_lg_data87.dbf          /dev/vgoraps_ps12/lvol14    2097.15                                                                                                                                                                                                 
CUSTPRO_LG_DATA      /ps24/oradata/PSOLP/custpro_lg_data88.dbf          /dev/vgoraps_ps12/lvol14    2097.15                                                                                                                                                                                                 
CUSTPRO_LG_INDX      /ps03/oradata/PSOLP/custpro_lg_indx01.dbf          /dev/vg04/lvol3             1572.86                                                                                                                                                                                                 
CUSTPRO_LG_INDX      /ps07/oradata/PSOLP/custpro_lg_indx02.dbf          /dev/vg11/lvol1             1572.86                                                                                                                                                                                                 
CUSTPRO_LG_INDX      /ps10/oradata/PSOLP/custpro_lg_indx03.dbf          /dev/vgoraps_ps10/lvol1      524.29                                                                                                                                                                                                 
CUSTPRO_LG_INDX      /ps11/oradata/PSOLP/custpro_lg_indx04.dbf          /dev/vgoraps_ps12/lvol1     1782.58                                                                                                                                                                                                 
CUSTPRO_LG_INDX      /ps11/oradata/PSOLP/custpro_lg_indx05.dbf          /dev/vgoraps_ps12/lvol1     1572.86                                                                                                                                                                                                 
CUSTPRO_LG_INDX      /ps11/oradata/PSOLP/custpro_lg_indx06.dbf          /dev/vgoraps_ps12/lvol1     1048.58                                                                                                                                                                                                 
CUSTPRO_LG_INDX      /ps12/oradata/PSOLP/custpro_lg_indx07.dbf          /dev/vgoraps_ps12/lvol2     2097.15                                                                                                                                                                                                 
CUSTPRO_LG_INDX      /ps12/oradata/PSOLP/custpro_lg_indx08.dbf          /dev/vgoraps_ps12/lvol2     2097.15                                                                                                                                                                                                 
CUSTPRO_LG_INDX      /ps13/oradata/PSOLP/custpro_lg_indx09.dbf          /dev/vgoraps_ps12/lvol3     2097.15                                                                                                                                                                                                 
CUSTPRO_LG_INDX      /ps13/oradata/PSOLP/custpro_lg_indx10.dbf          /dev/vgoraps_ps12/lvol3     1048.58                                                                                                                                                                                                 
CUSTPRO_LG_INDX      /ps14/oradata/PSOLP/custpro_lg_indx11.dbf          /dev/vgoraps_ps12/lvol4     2097.15                                                                                                                                                                                                 
CUSTPRO_LG_INDX      /ps14/oradata/PSOLP/custpro_lg_indx12.dbf          /dev/vgoraps_ps12/lvol4     2097.15                                                                                                                                                                                                 
CUSTPRO_LG_INDX      /ps14/oradata/PSOLP/custpro_lg_indx13.dbf          /dev/vgoraps_ps12/lvol4      943.72                                                                                                                                                                                                 
CUSTPRO_LG_INDX      /ps15/oradata/PSOLP/custpro_lg_indx14.dbf          /dev/vgoraps_ps12/lvol5     2097.15                                                                                                                                                                                                 
CUSTPRO_LG_INDX      /ps16/oradata/PSOLP/custpro_lg_indx15.dbf          /dev/vgoraps_ps12/lvol6     2097.15                                                                                                                                                                                                 
CUSTPRO_LG_INDX      /ps16/oradata/PSOLP/custpro_lg_indx16.dbf          /dev/vgoraps_ps12/lvol6     2097.15                                                                                                                                                                                                 
CUSTPRO_LG_INDX      /ps16/oradata/PSOLP/custpro_lg_indx17.dbf          /dev/vgoraps_ps12/lvol6     2097.15                                                                                                                                                                                                 
CUSTPRO_LG_INDX      /ps16/oradata/PSOLP/custpro_lg_indx18.dbf          /dev/vgoraps_ps12/lvol6     2097.15                                                                                                                                                                                                 
CUSTPRO_LG_INDX      /ps17/oradata/PSOLP/custpro_lg_indx19.dbf          /dev/vgoraps_ps12/lvol7     2097.15                                                                                                                                                                                                 
CUSTPRO_LG_INDX      /ps17/oradata/PSOLP/custpro_lg_indx20.dbf          /dev/vgoraps_ps12/lvol7     2097.15                                                                                                                                                                                                 
CUSTPRO_LG_INDX      /ps17/oradata/PSOLP/custpro_lg_indx21.dbf          /dev/vgoraps_ps12/lvol7     3145.73                                                                                                                                                                                                 
CUSTPRO_LG_INDX      /ps18/oradata/PSOLP/custpro_lg_indx22.dbf          /dev/vgoraps_ps12/lvol8     3565.16                                                                                                                                                                                                 
CUSTPRO_LG_INDX      /ps20/oradata/PSOLP/custpro_lg_indx23.dbf          /dev/vgoraps_ps12/lvol10    2097.15                                                                                                                                                                                                 
CUSTPRO_LG_INDX      /ps20/oradata/PSOLP/custpro_lg_indx24.dbf          /dev/vgoraps_ps12/lvol10    2097.15                                                                                                                                                                                                 
CUSTPRO_LG_INDX      /ps20/oradata/PSOLP/custpro_lg_indx25.dbf          /dev/vgoraps_ps12/lvol10    2097.15                                                                                                                                                                                                 
CUSTPRO_LG_INDX      /ps23/oradata/PSOLP/custpro_lg_indx22.dbf          /dev/vgoraps_ps12/lvol13    2097.15                                                                                                                                                                                                 
CUSTPRO_LG_INDX      /ps23/oradata/PSOLP/custpro_lg_indx23.dbf          /dev/vgoraps_ps12/lvol13    2097.15                                                                                                                                                                                                 
CUSTPRO_LG_INDX      /ps23/oradata/PSOLP/custpro_lg_indx26.dbf          /dev/vgoraps_ps12/lvol13    2097.15                                                                                                                                                                                                 
CUSTPRO_LG_INDX      /ps23/oradata/PSOLP/custpro_lg_indx27.dbf          /dev/vgoraps_ps12/lvol13    2097.15                                                                                                                                                                                                 
CUSTPRO_LG_INDX      /ps23/oradata/PSOLP/custpro_lg_indx28.dbf          /dev/vgoraps_ps12/lvol13    3670.02                                                                                                                                                                                                 
CUSTPRO_LG_INDX      /ps24/oradata/PSOLP/custpro_lg_indx31.dbf          /dev/vgoraps_ps12/lvol14    2097.15                                                                                                                                                                                                 
CUSTPRO_LG_INDX      /ps24/oradata/PSOLP/custpro_lg_indx32.dbf          /dev/vgoraps_ps12/lvol14    2097.15                                                                                                                                                                                                 
CUSTPRO_LG_INDX      /ps24/oradata/PSOLP/custpro_lg_indx33.dbf          /dev/vgoraps_ps12/lvol14    2097.15                                                                                                                                                                                                 
DRSYS                /ps24/oradata/PSOLP/PSOLP_drsys01.dbf              /dev/vgoraps_ps12/lvol14      52.43                                                                                                                                                                                                 
EDI_DATA             /ps22/oradata/PSOLP/pview_data01.dbf               /dev/vgoraps_ps12/lvol12    5242.88                                                                                                                                                                                                 
EDI_DATA             /ps22/oradata/PSOLP/pview_data02.dbf               /dev/vgoraps_ps12/lvol12    5242.88                                                                                                                                                                                                 
EDI_DATA             /ps22/oradata/PSOLP/pview_data03.dbf               /dev/vgoraps_ps12/lvol12    5242.88                                                                                                                                                                                                 
EDI_DATA             /ps22/oradata/PSOLP/pview_data04.dbf               /dev/vgoraps_ps12/lvol12    5242.88                                                                                                                                                                                                 
EDI_DATA             /ps22/oradata/PSOLP/pview_data05.dbf               /dev/vgoraps_ps12/lvol12    5242.88                                                                                                                                                                                                 
EDI_DATA             /ps22/oradata/PSOLP/pview_data06.dbf               /dev/vgoraps_ps12/lvol12    5242.88                                                                                                                                                                                                 
EDI_DATA             /ps22/oradata/PSOLP/pview_data07.dbf               /dev/vgoraps_ps12/lvol12    5242.88                                                                                                                                                                                                 
EDI_DATA             /ps22/oradata/PSOLP/pview_data08.dbf               /dev/vgoraps_ps12/lvol12    5242.88                                                                                                                                                                                                 
EDI_DATA             /ps22/oradata/PSOLP/pview_data09.dbf               /dev/vgoraps_ps12/lvol12    5242.88                                                                                                                                                                                                 
EDI_DATA             /ps22/oradata/PSOLP/pview_data10.dbf               /dev/vgoraps_ps12/lvol12    5242.88                                                                                                                                                                                                 
EDI_INDX             /ps21/oradata/PSOLP/pview_indx01.dbf               /dev/vgoraps_ps12/lvol11    5242.88                                                                                                                                                                                                 
EDI_INDX             /ps21/oradata/PSOLP/pview_indx02.dbf               /dev/vgoraps_ps12/lvol11    5242.88                                                                                                                                                                                                 

TABLESPACE           DATA_FILE                                          FILESYSTEM                  SIZE_MB                                                                                                                                                                                                 
-------------------- -------------------------------------------------- ------------------------- ---------                                                                                                                                                                                                 
EDI_INDX             /ps21/oradata/PSOLP/pview_indx03.dbf               /dev/vgoraps_ps12/lvol11    5242.88                                                                                                                                                                                                 
EDI_INDX             /ps21/oradata/PSOLP/pview_indx04.dbf               /dev/vgoraps_ps12/lvol11    5242.88                                                                                                                                                                                                 
EDI_INDX             /ps21/oradata/PSOLP/pview_indx05.dbf               /dev/vgoraps_ps12/lvol11    5242.88                                                                                                                                                                                                 
EDI_INDX             /ps21/oradata/PSOLP/pview_indx06.dbf               /dev/vgoraps_ps12/lvol11    5242.88                                                                                                                                                                                                 
EDI_INDX             /ps21/oradata/PSOLP/pview_indx07.dbf               /dev/vgoraps_ps12/lvol11    5242.88                                                                                                                                                                                                 
EDI_INDX             /ps21/oradata/PSOLP/pview_indx08.dbf               /dev/vgoraps_ps12/lvol11    5242.88                                                                                                                                                                                                 
EDI_INDX             /ps21/oradata/PSOLP/pview_indx09.dbf               /dev/vgoraps_ps12/lvol11    5242.88                                                                                                                                                                                                 
EDI_INDX             /ps21/oradata/PSOLP/pview_indx10.dbf               /dev/vgoraps_ps12/lvol11    5242.88                                                                                                                                                                                                 
OAS_USER             /ps01/oradata/PSOLP/oas_user01.dbf                 /dev/vg04/lvol1               26.21                                                                                                                                                                                                 
PFTP_DATA            /ps01/oradata/PSOLP/pftp_data01.dbf                /dev/vg04/lvol1                73.4                                                                                                                                                                                                 
PFTP_INDX            /ps02/oradata/PSOLP/pftp_indx01.dbf                /dev/vg04/lvol2              104.86                                                                                                                                                                                                 
PGOODWRENCH          /ps03/oradata/PSOLP/pgoodwrench01.dbf              /dev/vg04/lvol3              524.29                                                                                                                                                                                                 
PGOODWRENCH          /ps03/oradata/PSOLP/pgoodwrench02.dbf              /dev/vg04/lvol3              314.57                                                                                                                                                                                                 
PGOODWRENCH          /ps03/oradata/PSOLP/pgoodwrench03.dbf              /dev/vg04/lvol3              419.43                                                                                                                                                                                                 
PGOODWRENCH          /ps03/oradata/PSOLP/pgoodwrench04.dbf              /dev/vg04/lvol3              786.43                                                                                                                                                                                                 
PGOODWRENCH          /ps07/oradata/PSOLP/pgoodwrench05.dbf              /dev/vg11/lvol1              314.57                                                                                                                                                                                                 
PGOODWRENCH          /ps07/oradata/PSOLP/pgoodwrench06.bdf              /dev/vg11/lvol1              524.29                                                                                                                                                                                                 
PGOODWRENCH          /ps14/oradata/PSOLP/pgoodwrench07.dbf              /dev/vgoraps_ps12/lvol4      524.29                                                                                                                                                                                                 
PVIEW_DATA           /ps05/oradata/PSOLP/pview_data01.dbf               /dev/vg04/lvol5             1572.86                                                                                                                                                                                                 
PVIEW_DATA           /ps05/oradata/PSOLP/pview_data02.dbf               /dev/vg04/lvol5             1048.58                                                                                                                                                                                                 
PVIEW_DATA           /ps05/oradata/PSOLP/pview_data03.dbf               /dev/vg04/lvol5              524.29                                                                                                                                                                                                 
PVIEW_DATA           /ps05/oradata/PSOLP/pview_data04.dbf               /dev/vg04/lvol5              524.29                                                                                                                                                                                                 
PVIEW_DATA           /ps05/oradata/PSOLP/pview_data05.dbf               /dev/vg04/lvol5             1048.58                                                                                                                                                                                                 
PVIEW_DATA           /ps05/oradata/PSOLP/pview_data06.dbf               /dev/vg04/lvol5             1048.58                                                                                                                                                                                                 
PVIEW_DATA           /ps05/oradata/PSOLP/pview_data07.dbf               /dev/vg04/lvol5             1048.58                                                                                                                                                                                                 
PVIEW_DATA           /ps05/oradata/PSOLP/pview_data08.dbf               /dev/vg04/lvol5             2097.15                                                                                                                                                                                                 
PVIEW_DATA           /ps06/oradata/PSOLP/pview_data09.dbf               /dev/vg04/lvol6             1887.44                                                                                                                                                                                                 
PVIEW_DATA           /ps07/oradata/PSOLP/pview_data10.dbf               /dev/vg11/lvol1             1572.86                                                                                                                                                                                                 
PVIEW_DATA           /ps10/oradata/PSOLP/pview_data11.dbf               /dev/vgoraps_ps10/lvol1     1835.01                                                                                                                                                                                                 
PVIEW_DATA           /ps11/oradata/PSOLP/pview_data13.dbf               /dev/vgoraps_ps12/lvol1     2097.15                                                                                                                                                                                                 
PVIEW_DATA           /ps12/oradata/PSOLP/pview_data14.dbf               /dev/vgoraps_ps12/lvol2     2097.15                                                                                                                                                                                                 
PVIEW_DATA           /ps13/oradata/PSOLP/pview_data15.dbf               /dev/vgoraps_ps12/lvol3     2097.15                                                                                                                                                                                                 
PVIEW_DATA           /ps13/oradata/PSOLP/pview_data16.dbf               /dev/vgoraps_ps12/lvol3     2097.15                                                                                                                                                                                                 
PVIEW_DATA           /ps13/oradata/PSOLP/pview_data17.dbf               /dev/vgoraps_ps12/lvol3     1048.58                                                                                                                                                                                                 
PVIEW_DATA           /ps14/oradata/PSOLP/pview_data18.dbf               /dev/vgoraps_ps12/lvol4     2097.15                                                                                                                                                                                                 
PVIEW_DATA           /ps14/oradata/PSOLP/pview_data19.dbf               /dev/vgoraps_ps12/lvol4     2097.15                                                                                                                                                                                                 
PVIEW_DATA           /ps15/oradata/PSOLP/pview_data20.dbf               /dev/vgoraps_ps12/lvol5     2097.15                                                                                                                                                                                                 
PVIEW_DATA           /ps15/oradata/PSOLP/pview_data21.dbf               /dev/vgoraps_ps12/lvol5     2097.15                                                                                                                                                                                                 
PVIEW_DATA           /ps15/oradata/PSOLP/pview_data22.dbf               /dev/vgoraps_ps12/lvol5     2097.15                                                                                                                                                                                                 
PVIEW_DATA           /ps15/oradata/PSOLP/pview_data23.dbf               /dev/vgoraps_ps12/lvol5     2097.15                                                                                                                                                                                                 
PVIEW_DATA           /ps17/oradata/PSOLP/pview_data24.dbf               /dev/vgoraps_ps12/lvol7     2097.15                                                                                                                                                                                                 
PVIEW_DATA           /ps17/oradata/PSOLP/pview_data25.dbf               /dev/vgoraps_ps12/lvol7     1048.58                                                                                                                                                                                                 
PVIEW_DATA           /ps17/oradata/PSOLP/pview_data26.dbf               /dev/vgoraps_ps12/lvol7     2097.15                                                                                                                                                                                                 
PVIEW_DATA           /ps18/oradata/PSOLP/pview_data27.dbf               /dev/vgoraps_ps12/lvol8     2097.15                                                                                                                                                                                                 
PVIEW_DATA           /ps18/oradata/PSOLP/pview_data28.dbf               /dev/vgoraps_ps12/lvol8     2097.15                                                                                                                                                                                                 
PVIEW_DATA           /ps18/oradata/PSOLP/pview_data29.dbf               /dev/vgoraps_ps12/lvol8     2097.15                                                                                                                                                                                                 
PVIEW_DATA           /ps18/oradata/PSOLP/pview_data30.dbf               /dev/vgoraps_ps12/lvol8     2097.15                                                                                                                                                                                                 
PVIEW_DATA           /ps18/oradata/PSOLP/pview_data31.dbf               /dev/vgoraps_ps12/lvol8     2097.15                                                                                                                                                                                                 
PVIEW_DATA           /ps18/oradata/PSOLP/pview_data32.dbf               /dev/vgoraps_ps12/lvol8     2097.15                                                                                                                                                                                                 
PVIEW_DATA           /ps18/oradata/PSOLP/pview_data33.dbf               /dev/vgoraps_ps12/lvol8     2097.15                                                                                                                                                                                                 
PVIEW_DATA           /ps18/oradata/PSOLP/pview_data34.dbf               /dev/vgoraps_ps12/lvol8     2097.15                                                                                                                                                                                                 
PVIEW_DATA           /ps19/oradata/PSOLP/pview_data35.dbf               /dev/vgoraps_ps12/lvol9     2097.15                                                                                                                                                                                                 
PVIEW_DATA           /ps19/oradata/PSOLP/pview_data36.dbf               /dev/vgoraps_ps12/lvol9     2097.15                                                                                                                                                                                                 
PVIEW_DATA           /ps19/oradata/PSOLP/pview_data37.dbf               /dev/vgoraps_ps12/lvol9     2097.15                                                                                                                                                                                                 
PVIEW_DATA           /ps19/oradata/PSOLP/pview_data38.dbf               /dev/vgoraps_ps12/lvol9     2097.15                                                                                                                                                                                                 
PVIEW_DATA           /ps19/oradata/PSOLP/pview_data39.dbf               /dev/vgoraps_ps12/lvol9     2097.15                                                                                                                                                                                                 
PVIEW_DATA           /ps19/oradata/PSOLP/pview_data40.dbf               /dev/vgoraps_ps12/lvol9     2097.15                                                                                                                                                                                                 
PVIEW_DATA           /ps19/oradata/PSOLP/pview_data41.dbf               /dev/vgoraps_ps12/lvol9     2097.15                                                                                                                                                                                                 
PVIEW_DATA           /ps19/oradata/PSOLP/pview_data42.dbf               /dev/vgoraps_ps12/lvol9     2097.15                                                                                                                                                                                                 
PVIEW_DATA           /ps19/oradata/PSOLP/pview_data43.dbf               /dev/vgoraps_ps12/lvol9     2097.15                                                                                                                                                                                                 
PVIEW_DATA           /ps19/oradata/PSOLP/pview_data44.dbf               /dev/vgoraps_ps12/lvol9     2097.15                                                                                                                                                                                                 
PVIEW_DATA           /ps19/oradata/PSOLP/pview_data45.dbf               /dev/vgoraps_ps12/lvol9     2097.15                                                                                                                                                                                                 
PVIEW_DATA           /ps19/oradata/PSOLP/pview_data46.dbf               /dev/vgoraps_ps12/lvol9     2097.15                                                                                                                                                                                                 
PVIEW_DATA           /ps19/oradata/PSOLP/pview_data47.dbf               /dev/vgoraps_ps12/lvol9     2097.15                                                                                                                                                                                                 
PVIEW_DATA           /ps19/oradata/PSOLP/pview_data48.dbf               /dev/vgoraps_ps12/lvol9     2097.15                                                                                                                                                                                                 
PVIEW_DATA           /ps19/oradata/PSOLP/pview_data49.dbf               /dev/vgoraps_ps12/lvol9     2097.15                                                                                                                                                                                                 
PVIEW_DATA           /ps19/oradata/PSOLP/pview_data50.dbf               /dev/vgoraps_ps12/lvol9     2097.15                                                                                                                                                                                                 
PVIEW_DATA           /ps20/oradata/PSOLP/pview_data51.dbf               /dev/vgoraps_ps12/lvol10    2097.15                                                                                                                                                                                                 
PVIEW_INDX           /ps03/oradata/PSOLP/pview_indx09.dbf               /dev/vg04/lvol3             1048.58                                                                                                                                                                                                 
PVIEW_INDX           /ps06/oradata/PSOLP/pview_indx01.dbf               /dev/vg04/lvol6             1153.43                                                                                                                                                                                                 
PVIEW_INDX           /ps06/oradata/PSOLP/pview_indx02.dbf               /dev/vg04/lvol6              524.29                                                                                                                                                                                                 
PVIEW_INDX           /ps06/oradata/PSOLP/pview_indx03.dbf               /dev/vg04/lvol6              524.29                                                                                                                                                                                                 
PVIEW_INDX           /ps06/oradata/PSOLP/pview_indx04.dbf               /dev/vg04/lvol6             1572.86                                                                                                                                                                                                 
PVIEW_INDX           /ps06/oradata/PSOLP/pview_indx05.dbf               /dev/vg04/lvol6              314.57                                                                                                                                                                                                 
PVIEW_INDX           /ps07/oradata/PSOLP/pview_indx06.dbf               /dev/vg11/lvol1              524.29                                                                                                                                                                                                 
PVIEW_INDX           /ps10/oradata/PSOLP/pview_indx07.dbf               /dev/vgoraps_ps10/lvol1      419.43                                                                                                                                                                                                 
PVIEW_INDX           /ps11/oradata/PSOLP/pview_data12.dbf               /dev/vgoraps_ps12/lvol1      524.29                                                                                                                                                                                                 
PVIEW_INDX           /ps11/oradata/PSOLP/pview_indx08.dbf               /dev/vgoraps_ps12/lvol1      524.29                                                                                                                                                                                                 
PVIEW_INDX           /ps13/oradata/PSOLP/pview_data13.dbf               /dev/vgoraps_ps12/lvol3     2097.15                                                                                                                                                                                                 
PVIEW_INDX           /ps14/oradata/PSOLP/pview_indx10.dbf               /dev/vgoraps_ps12/lvol4     1048.58                                                                                                                                                                                                 
PVIEW_INDX           /ps15/oradata/PSOLP/pview_indx14.dbf               /dev/vgoraps_ps12/lvol5     2097.15                                                                                                                                                                                                 
PVIEW_INDX           /ps15/oradata/PSOLP/pview_indx15.dbf               /dev/vgoraps_ps12/lvol5     2097.15                                                                                                                                                                                                 
PVIEW_INDX           /ps15/oradata/pview_indx11.dbf                     /dev/vgoraps_ps12/lvol5     2097.15                                                                                                                                                                                                 
PVIEW_INDX           /ps17/oradata/PSOLP/pview_indx16.dbf               /dev/vgoraps_ps12/lvol7     2097.15                                                                                                                                                                                                 
PVIEW_INDX           /ps24/oradata/PSOLP/pview_indx17.dbf               /dev/vgoraps_ps12/lvol14    2097.15                                                                                                                                                                                                 
RBS                  /ps03/oradata/PSOLP/rbs06.dbf                      /dev/vg04/lvol3             1048.58                                                                                                                                                                                                 
RBS                  /ps06/oradata/PSOLP/rbs01.dbf                      /dev/vg04/lvol6                 367                                                                                                                                                                                                 
RBS                  /ps06/oradata/PSOLP/rbs02.dbf                      /dev/vg04/lvol6               52.43                                                                                                                                                                                                 
RBS                  /ps06/oradata/PSOLP/rbs03.dbf                      /dev/vg04/lvol6             1677.72                                                                                                                                                                                                 
RBS                  /ps06/oradata/PSOLP/rbs04.dbf                      /dev/vg04/lvol6              524.29                                                                                                                                                                                                 
RBS                  /ps06/oradata/PSOLP/rbs05.dbf                      /dev/vg04/lvol6              314.57                                                                                                                                                                                                 
RBS                  /ps12/oradata/PSOLP/rbs06.dbf                      /dev/vgoraps_ps12/lvol2     1048.58                                                                                                                                                                                                 
RBS                  /ps18/oradata/PSOLP/rbs07.dbf                      /dev/vgoraps_ps12/lvol8     1048.58                                                                                                                                                                                                 
SELFSERV_DATA        /ps04/oradata/PSOLP/selfserv_data01.dbf            /dev/vg04/lvol4              314.57                                                                                                                                                                                                 
SELFSERV_DATA        /ps09/oradata/PSOLP/selfserv_data02.dbf            /dev/vg11/lvol3              314.57                                                                                                                                                                                                 
SELFSERV_DATA        /ps17/oradata/PSOLP/selfserv_data03.dbf            /dev/vgoraps_ps12/lvol7     2097.15                                                                                                                                                                                                 
SELFSERV_DATA        /ps23/oradata/PSOLP/selfserv_data04.dbf            /dev/vgoraps_ps12/lvol13     838.86                                                                                                                                                                                                 

TABLESPACE           DATA_FILE                                          FILESYSTEM                  SIZE_MB                                                                                                                                                                                                 
-------------------- -------------------------------------------------- ------------------------- ---------                                                                                                                                                                                                 
SELFSERV_EP_DATA     /ps07/oradata/PSOLP/selfserv_ep_data01.dbf         /dev/vg11/lvol1              131.07                                                                                                                                                                                                 
SELFSERV_EP_INDX     /ps07/oradata/PSOLP/selfserv_ep_indx01.dbf         /dev/vg11/lvol1               78.64                                                                                                                                                                                                 
SELFSERV_INDX        /ps03/oradata/PSOLP/selfserv_indx01.dbf            /dev/vg04/lvol3              157.29                                                                                                                                                                                                 
SYSTEM               /ps01/oradata/PSOLP/system01.dbf                   /dev/vg04/lvol1              524.29                                                                                                                                                                                                 
SYSTEM               /ps23/oradata/PSOLP/system02.dbf                   /dev/vgoraps_ps12/lvol13     524.29                                                                                                                                                                                                 
SYSTEM               /ps23/oradata/PSOLP/system03.dbf                   /dev/vgoraps_ps12/lvol13    1048.58                                                                                                                                                                                                 
TOOLS                /ps01/oradata/PSOLP/tools01.dbf                    /dev/vg04/lvol1              104.86                                                                                                                                                                                                 
TOOLS                /ps01/oradata/PSOLP/tools02.dbf                    /dev/vg04/lvol1              314.57                                                                                                                                                                                                 
TOOLS                /ps01/oradata/PSOLP/tools03.dbf                    /dev/vg04/lvol1              524.29                                                                                                                                                                                                 
TOOLS                /ps13/oradata/PSOLP/tools05.dbf                    /dev/vgoraps_ps12/lvol3      262.14                                                                                                                                                                                                 
TOOLS                /ps15/oradata/PSOLP/tools04.dbf                    /dev/vgoraps_ps12/lvol5         367                                                                                                                                                                                                 
TOOLS                /ps20/oradata/PSOLP/tools06.dbf                    /dev/vgoraps_ps12/lvol10     786.43                                                                                                                                                                                                 
TOOLS                /ps23/oradata/PSOLP/tools07.dbf                    /dev/vgoraps_ps12/lvol13     786.43                                                                                                                                                                                                 
USERS                /ps01/oradata/PSOLP/users01.dbf                    /dev/vg04/lvol1              157.29                                                                                                                                                                                                 
XDB                  /ps09/oradata/PSOLP/xdb01.dbf                      /dev/vg11/lvol3              157.29                                                                                                                                                                                                 

306 rows selected.

